<StyledLayerDescriptor version="1.1.0" 
   xsi:schemaLocation="http://www.opengis.net/sld StyledLayerDescriptor.xsd"
   xmlns="http://www.opengis.net/sld"
   xmlns:ogc="http://www.opengis.net/ogc"
   xmlns:se="http://www.opengis.net/se"
   xmlns:xlink="http://www.w3.org/1999/xlink"
   xmlns:xsi="http://www.w3.org/2001/XMLSchema-instance">
  <NamedLayer>
    <se:Name>test_layer</se:Name>
    <UserStyle>
      <se:Name>GIBS Imagery Style</se:Name>
      <se:CoverageStyle>
        <se:Rule>
          <se:RasterSymbolizer>
            <se:Opacity>1.0</se:Opacity>
            <se:ColorMap>
              <se:Categorize fallbackValue="#FF00FF00">
                <se:LookupValue>Rasterdata</se:LookupValue>
                <se:Value>#FFF5CC</se:Value>
                <se:Threshold>0</se:Threshold>
                <se:Value>#FDF4CB</se:Value>
                <se:Threshold>0.01</se:Threshold>
                <se:Value>#FCF3CA</se:Value>
                <se:Threshold>0.02</se:Threshold>
                <se:Value>#FBF2C9</se:Value>
                <se:Threshold>0.03</se:Threshold>
                <se:Value>#FAF1C9</se:Value>
                <se:Threshold>0.04</se:Threshold>
                <se:Value>#F9F0C8</se:Value>
                <se:Threshold>0.05</se:Threshold>
                <se:Value>#F8EFC7</se:Value>
                <se:Threshold>0.06</se:Threshold>
                <se:Value>#F7EEC6</se:Value>
                <se:Threshold>0.07</se:Threshold>
                <se:Value>#F6EDC6</se:Value>
                <se:Threshold>0.08</se:Threshold>
                <se:Value>#F5ECC5</se:Value>
                <se:Threshold>0.09</se:Threshold>
                <se:Value>#F4EBC4</se:Value>
                <se:Threshold>0.1</se:Threshold>
                <se:Value>#F3EAC3</se:Value>
                <se:Threshold>0.11</se:Threshold>
                <se:Value>#F2E9C3</se:Value>
                <se:Threshold>0.12</se:Threshold>
                <se:Value>#F1E8C2</se:Value>
                <se:Threshold>0.13</se:Threshold>
                <se:Value>#F0E7C1</se:Value>
                <se:Threshold>0.14</se:Threshold>
                <se:Value>#EFE6C0</se:Value>
                <se:Threshold>0.15</se:Threshold>
                <se:Value>#EEE5C0</se:Value>
                <se:Threshold>0.16</se:Threshold>
                <se:Value>#ECE4BF</se:Value>
                <se:Threshold>0.17</se:Threshold>
                <se:Value>#EBE3BE</se:Value>
                <se:Threshold>0.18</se:Threshold>
                <se:Value>#EAE2BD</se:Value>
                <se:Threshold>0.19</se:Threshold>
                <se:Value>#E9E1BD</se:Value>
                <se:Threshold>0.2</se:Threshold>
                <se:Value>#E8E0BC</se:Value>
                <se:Threshold>0.21</se:Threshold>
                <se:Value>#E7DFBB</se:Value>
                <se:Threshold>0.22</se:Threshold>
                <se:Value>#E6DEBA</se:Value>
                <se:Threshold>0.23</se:Threshold>
                <se:Value>#E5DDBA</se:Value>
                <se:Threshold>0.24</se:Threshold>
                <se:Value>#E4DCB9</se:Value>
                <se:Threshold>0.25</se:Threshold>
                <se:Value>#E3DBB8</se:Value>
                <se:Threshold>0.26</se:Threshold>
                <se:Value>#E2DAB8</se:Value>
                <se:Threshold>0.27</se:Threshold>
                <se:Value>#E1D9B7</se:Value>
                <se:Threshold>0.28</se:Threshold>
                <se:Value>#E0D8B6</se:Value>
                <se:Threshold>0.29</se:Threshold>
                <se:Value>#DFD7B5</se:Value>
                <se:Threshold>0.3</se:Threshold>
                <se:Value>#DED6B5</se:Value>
                <se:Threshold>0.31</se:Threshold>
                <se:Value>#DDD5B4</se:Value>
                <se:Threshold>0.32</se:Threshold>
                <se:Value>#DCD4B3</se:Value>
                <se:Threshold>0.33</se:Threshold>
                <se:Value>#DAD3B2</se:Value>
                <se:Threshold>0.34</se:Threshold>
                <se:Value>#D9D2B2</se:Value>
                <se:Threshold>0.35</se:Threshold>
                <se:Value>#D8D1B1</se:Value>
                <se:Threshold>0.36</se:Threshold>
                <se:Value>#D7D0B0</se:Value>
                <se:Threshold>0.37</se:Threshold>
                <se:Value>#D6CFAF</se:Value>
                <se:Threshold>0.38</se:Threshold>
                <se:Value>#D5CEAF</se:Value>
                <se:Threshold>0.39</se:Threshold>
                <se:Value>#D4CDAE</se:Value>
                <se:Threshold>0.4</se:Threshold>
                <se:Value>#D3CCAD</se:Value>
                <se:Threshold>0.41</se:Threshold>
                <se:Value>#D2CBAC</se:Value>
                <se:Threshold>0.42</se:Threshold>
                <se:Value>#D1CAAC</se:Value>
                <se:Threshold>0.43</se:Threshold>
                <se:Value>#D0C9AB</se:Value>
                <se:Threshold>0.44</se:Threshold>
                <se:Value>#CFC8AA</se:Value>
                <se:Threshold>0.45</se:Threshold>
                <se:Value>#CEC7A9</se:Value>
                <se:Threshold>0.46</se:Threshold>
                <se:Value>#CDC6A9</se:Value>
                <se:Threshold>0.47</se:Threshold>
                <se:Value>#CCC5A8</se:Value>
                <se:Threshold>0.48</se:Threshold>
                <se:Value>#CBC4A7</se:Value>
                <se:Threshold>0.49</se:Threshold>
                <se:Value>#CAC3A7</se:Value>
                <se:Threshold>0.5</se:Threshold>
                <se:Value>#C8C2A6</se:Value>
                <se:Threshold>0.51</se:Threshold>
                <se:Value>#C7C1A5</se:Value>
                <se:Threshold>0.52</se:Threshold>
                <se:Value>#C6C0A4</se:Value>
                <se:Threshold>0.53</se:Threshold>
                <se:Value>#C5BFA4</se:Value>
                <se:Threshold>0.54</se:Threshold>
                <se:Value>#C4BEA3</se:Value>
                <se:Threshold>0.55</se:Threshold>
                <se:Value>#C3BDA2</se:Value>
                <se:Threshold>0.56</se:Threshold>
                <se:Value>#C2BCA1</se:Value>
                <se:Threshold>0.57</se:Threshold>
                <se:Value>#C1BBA1</se:Value>
                <se:Threshold>0.58</se:Threshold>
                <se:Value>#C0BAA0</se:Value>
                <se:Threshold>0.59</se:Threshold>
                <se:Value>#BFB99F</se:Value>
                <se:Threshold>0.6</se:Threshold>
                <se:Value>#BEB89E</se:Value>
                <se:Threshold>0.61</se:Threshold>
                <se:Value>#BDB79E</se:Value>
                <se:Threshold>0.62</se:Threshold>
                <se:Value>#BCB69D</se:Value>
                <se:Threshold>0.63</se:Threshold>
                <se:Value>#BBB59C</se:Value>
                <se:Threshold>0.64</se:Threshold>
                <se:Value>#BAB49B</se:Value>
                <se:Threshold>0.65</se:Threshold>
                <se:Value>#B9B39B</se:Value>
                <se:Threshold>0.66</se:Threshold>
                <se:Value>#B7B29A</se:Value>
                <se:Threshold>0.67</se:Threshold>
                <se:Value>#B6B199</se:Value>
                <se:Threshold>0.68</se:Threshold>
                <se:Value>#B5B098</se:Value>
                <se:Threshold>0.69</se:Threshold>
                <se:Value>#B4AF98</se:Value>
                <se:Threshold>0.7</se:Threshold>
                <se:Value>#B3AE97</se:Value>
                <se:Threshold>0.71</se:Threshold>
                <se:Value>#B2AD96</se:Value>
                <se:Threshold>0.72</se:Threshold>
                <se:Value>#B1AC95</se:Value>
                <se:Threshold>0.73</se:Threshold>
                <se:Value>#B0AB95</se:Value>
                <se:Threshold>0.74</se:Threshold>
                <se:Value>#AFAA94</se:Value>
                <se:Threshold>0.75</se:Threshold>
                <se:Value>#AEA993</se:Value>
                <se:Threshold>0.76</se:Threshold>
                <se:Value>#ADA893</se:Value>
                <se:Threshold>0.77</se:Threshold>
                <se:Value>#ACA792</se:Value>
                <se:Threshold>0.78</se:Threshold>
                <se:Value>#ABA691</se:Value>
                <se:Threshold>0.79</se:Threshold>
                <se:Value>#AAA590</se:Value>
                <se:Threshold>0.8</se:Threshold>
                <se:Value>#A9A490</se:Value>
                <se:Threshold>0.81</se:Threshold>
                <se:Value>#A8A38F</se:Value>
                <se:Threshold>0.82</se:Threshold>
                <se:Value>#A7A28E</se:Value>
                <se:Threshold>0.83</se:Threshold>
                <se:Value>#A5A18D</se:Value>
                <se:Threshold>0.84</se:Threshold>
                <se:Value>#A4A08D</se:Value>
                <se:Threshold>0.85</se:Threshold>
                <se:Value>#A39F8C</se:Value>
                <se:Threshold>0.86</se:Threshold>
                <se:Value>#A29E8B</se:Value>
                <se:Threshold>0.87</se:Threshold>
                <se:Value>#A19D8A</se:Value>
                <se:Threshold>0.88</se:Threshold>
                <se:Value>#A09C8A</se:Value>
                <se:Threshold>0.89</se:Threshold>
                <se:Value>#9F9B89</se:Value>
                <se:Threshold>0.9</se:Threshold>
                <se:Value>#9E9A88</se:Value>
                <se:Threshold>0.91</se:Threshold>
                <se:Value>#9D9987</se:Value>
                <se:Threshold>0.92</se:Threshold>
                <se:Value>#9C9887</se:Value>
                <se:Threshold>0.93</se:Threshold>
                <se:Value>#9B9786</se:Value>
                <se:Threshold>0.94</se:Threshold>
                <se:Value>#9A9685</se:Value>
                <se:Threshold>0.95</se:Threshold>
                <se:Value>#999584</se:Value>
                <se:Threshold>0.96</se:Threshold>
                <se:Value>#989484</se:Value>
                <se:Threshold>0.97</se:Threshold>
                <se:Value>#979383</se:Value>
                <se:Threshold>0.98</se:Threshold>
                <se:Value>#969282</se:Value>
                <se:Threshold>0.99</se:Threshold>
                <se:Value>#959182</se:Value>
                <se:Threshold>1</se:Threshold>
                <se:Value>#939081</se:Value>
                <se:Threshold>1.01</se:Threshold>
                <se:Value>#928F81</se:Value>
                <se:Threshold>1.02</se:Threshold>
                <se:Value>#908E80</se:Value>
                <se:Threshold>1.03</se:Threshold>
                <se:Value>#8F8D80</se:Value>
                <se:Threshold>1.04</se:Threshold>
                <se:Value>#8D8C80</se:Value>
                <se:Threshold>1.05</se:Threshold>
                <se:Value>#8C8B7F</se:Value>
                <se:Threshold>1.06</se:Threshold>
                <se:Value>#8B8A7F</se:Value>
                <se:Threshold>1.07</se:Threshold>
                <se:Value>#89897E</se:Value>
                <se:Threshold>1.08</se:Threshold>
                <se:Value>#88887E</se:Value>
                <se:Threshold>1.09</se:Threshold>
                <se:Value>#86877E</se:Value>
                <se:Threshold>1.1</se:Threshold>
                <se:Value>#85867D</se:Value>
                <se:Threshold>1.11</se:Threshold>
                <se:Value>#83857D</se:Value>
                <se:Threshold>1.12</se:Threshold>
                <se:Value>#82847D</se:Value>
                <se:Threshold>1.13</se:Threshold>
                <se:Value>#81837C</se:Value>
                <se:Threshold>1.14</se:Threshold>
                <se:Value>#7F827C</se:Value>
                <se:Threshold>1.15</se:Threshold>
                <se:Value>#7E817B</se:Value>
                <se:Threshold>1.16</se:Threshold>
                <se:Value>#7C807B</se:Value>
                <se:Threshold>1.17</se:Threshold>
                <se:Value>#7B7F7B</se:Value>
                <se:Threshold>1.18</se:Threshold>
                <se:Value>#797E7A</se:Value>
                <se:Threshold>1.19</se:Threshold>
                <se:Value>#787D7A</se:Value>
                <se:Threshold>1.2</se:Threshold>
                <se:Value>#777C7A</se:Value>
                <se:Threshold>1.21</se:Threshold>
                <se:Value>#757B79</se:Value>
                <se:Threshold>1.22</se:Threshold>
                <se:Value>#747A79</se:Value>
                <se:Threshold>1.23</se:Threshold>
                <se:Value>#727978</se:Value>
                <se:Threshold>1.24</se:Threshold>
                <se:Value>#717878</se:Value>
                <se:Threshold>1.25</se:Threshold>
                <se:Value>#6F7778</se:Value>
                <se:Threshold>1.26</se:Threshold>
                <se:Value>#6E7677</se:Value>
                <se:Threshold>1.27</se:Threshold>
                <se:Value>#6D7577</se:Value>
                <se:Threshold>1.28</se:Threshold>
                <se:Value>#6B7477</se:Value>
                <se:Threshold>1.29</se:Threshold>
                <se:Value>#6A7376</se:Value>
                <se:Threshold>1.3</se:Threshold>
                <se:Value>#687276</se:Value>
                <se:Threshold>1.31</se:Threshold>
                <se:Value>#677175</se:Value>
                <se:Threshold>1.32</se:Threshold>
                <se:Value>#657075</se:Value>
                <se:Threshold>1.33</se:Threshold>
                <se:Value>#647075</se:Value>
                <se:Threshold>1.34</se:Threshold>
                <se:Value>#636F74</se:Value>
                <se:Threshold>1.35</se:Threshold>
                <se:Value>#616E74</se:Value>
                <se:Threshold>1.36</se:Threshold>
                <se:Value>#606D74</se:Value>
                <se:Threshold>1.37</se:Threshold>
                <se:Value>#5E6C73</se:Value>
                <se:Threshold>1.38</se:Threshold>
                <se:Value>#5D6B73</se:Value>
                <se:Threshold>1.39</se:Threshold>
                <se:Value>#5B6A72</se:Value>
                <se:Threshold>1.4</se:Threshold>
                <se:Value>#5A6972</se:Value>
                <se:Threshold>1.41</se:Threshold>
                <se:Value>#596872</se:Value>
                <se:Threshold>1.42</se:Threshold>
                <se:Value>#576771</se:Value>
                <se:Threshold>1.43</se:Threshold>
                <se:Value>#566671</se:Value>
                <se:Threshold>1.44</se:Threshold>
                <se:Value>#546571</se:Value>
                <se:Threshold>1.45</se:Threshold>
                <se:Value>#536470</se:Value>
                <se:Threshold>1.46</se:Threshold>
                <se:Value>#516370</se:Value>
                <se:Threshold>1.47</se:Threshold>
                <se:Value>#50626F</se:Value>
                <se:Threshold>1.48</se:Threshold>
                <se:Value>#4F616F</se:Value>
                <se:Threshold>1.49</se:Threshold>
                <se:Value>#4D606F</se:Value>
                <se:Threshold>1.5</se:Threshold>
                <se:Value>#4C5F6E</se:Value>
                <se:Threshold>1.51</se:Threshold>
                <se:Value>#4A5E6E</se:Value>
                <se:Threshold>1.52</se:Threshold>
                <se:Value>#495D6E</se:Value>
                <se:Threshold>1.53</se:Threshold>
                <se:Value>#485C6D</se:Value>
                <se:Threshold>1.54</se:Threshold>
                <se:Value>#465B6D</se:Value>
                <se:Threshold>1.55</se:Threshold>
                <se:Value>#455A6C</se:Value>
                <se:Threshold>1.56</se:Threshold>
                <se:Value>#43596C</se:Value>
                <se:Threshold>1.57</se:Threshold>
                <se:Value>#42586C</se:Value>
                <se:Threshold>1.58</se:Threshold>
                <se:Value>#40576B</se:Value>
                <se:Threshold>1.59</se:Threshold>
                <se:Value>#3F566B</se:Value>
                <se:Threshold>1.6</se:Threshold>
                <se:Value>#3E556B</se:Value>
                <se:Threshold>1.61</se:Threshold>
                <se:Value>#3C546A</se:Value>
                <se:Threshold>1.62</se:Threshold>
                <se:Value>#3B536A</se:Value>
                <se:Threshold>1.63</se:Threshold>
                <se:Value>#395269</se:Value>
                <se:Threshold>1.64</se:Threshold>
                <se:Value>#385169</se:Value>
                <se:Threshold>1.65</se:Threshold>
                <se:Value>#365069</se:Value>
                <se:Threshold>1.66</se:Threshold>
                <se:Value>#354F68</se:Value>
                <se:Threshold>1.67</se:Threshold>
                <se:Value>#344F68</se:Value>
                <se:Threshold>1.68</se:Threshold>
                <se:Value>#324E68</se:Value>
                <se:Threshold>1.69</se:Threshold>
                <se:Value>#314D67</se:Value>
                <se:Threshold>1.7</se:Threshold>
                <se:Value>#2F4C67</se:Value>
                <se:Threshold>1.71</se:Threshold>
                <se:Value>#2E4B66</se:Value>
                <se:Threshold>1.72</se:Threshold>
                <se:Value>#2C4A66</se:Value>
                <se:Threshold>1.73</se:Threshold>
                <se:Value>#2B4966</se:Value>
                <se:Threshold>1.74</se:Threshold>
                <se:Value>#2A4865</se:Value>
                <se:Threshold>1.75</se:Threshold>
                <se:Value>#284765</se:Value>
                <se:Threshold>1.76</se:Threshold>
                <se:Value>#274665</se:Value>
                <se:Threshold>1.77</se:Threshold>
                <se:Value>#254564</se:Value>
                <se:Threshold>1.78</se:Threshold>
                <se:Value>#244464</se:Value>
                <se:Threshold>1.79</se:Threshold>
                <se:Value>#224363</se:Value>
                <se:Threshold>1.8</se:Threshold>
                <se:Value>#214263</se:Value>
                <se:Threshold>1.81</se:Threshold>
                <se:Value>#204163</se:Value>
                <se:Threshold>1.82</se:Threshold>
                <se:Value>#1E4062</se:Value>
                <se:Threshold>1.83</se:Threshold>
                <se:Value>#1D3F62</se:Value>
                <se:Threshold>1.84</se:Threshold>
                <se:Value>#1B3E62</se:Value>
                <se:Threshold>1.85</se:Threshold>
                <se:Value>#1A3D61</se:Value>
                <se:Threshold>1.86</se:Threshold>
                <se:Value>#183C61</se:Value>
                <se:Threshold>1.87</se:Threshold>
                <se:Value>#173B60</se:Value>
                <se:Threshold>1.88</se:Threshold>
                <se:Value>#163A60</se:Value>
                <se:Threshold>1.89</se:Threshold>
                <se:Value>#143960</se:Value>
                <se:Threshold>1.9</se:Threshold>
                <se:Value>#13385F</se:Value>
                <se:Threshold>1.91</se:Threshold>
                <se:Value>#11375F</se:Value>
                <se:Threshold>1.92</se:Threshold>
                <se:Value>#10365F</se:Value>
                <se:Threshold>1.93</se:Threshold>
                <se:Value>#0E355E</se:Value>
                <se:Threshold>1.94</se:Threshold>
                <se:Value>#0D345E</se:Value>
                <se:Threshold>1.95</se:Threshold>
                <se:Value>#0C335D</se:Value>
                <se:Threshold>1.96</se:Threshold>
                <se:Value>#0A325D</se:Value>
                <se:Threshold>1.97</se:Threshold>
                <se:Value>#09315D</se:Value>
                <se:Threshold>1.98</se:Threshold>
                <se:Value>#07305C</se:Value>
                <se:Threshold>1.99</se:Threshold>
                <se:Value>#062F5C</se:Value>
                <se:Threshold>2</se:Threshold>
                <se:Value>#052F5C</se:Value>
              </se:Categorize>
            </se:ColorMap>
          </se:RasterSymbolizer>
        </se:Rule>
      </se:CoverageStyle>
    </UserStyle>
  </NamedLayer>
</StyledLayerDescriptor>
